\BOOKMARK [0][-]{chapter*.1}{\376\377\000A\000c\000k\000n\000o\000w\000l\000e\000d\000g\000e\000m\000e\000n\000t\000s}{}% 1
\BOOKMARK [0][-]{chapter*.2}{\376\377\000A\000b\000s\000t\000r\000a\000c\000t}{}% 2
\BOOKMARK [0][-]{chapter.1}{\376\377\000I\000n\000t\000r\000o\000d\000u\000c\000t\000i\000o\000n}{}% 3
\BOOKMARK [1][-]{section.1.1}{\376\377\000B\000a\000c\000k\000g\000r\000o\000u\000n\000d}{chapter.1}% 4
\BOOKMARK [1][-]{section.1.2}{\376\377\000P\000r\000o\000b\000l\000e\000m\000\040\000S\000t\000a\000t\000e\000m\000e\000n\000t}{chapter.1}% 5
\BOOKMARK [1][-]{section.1.3}{\376\377\000R\000e\000s\000e\000a\000r\000c\000h\000\040\000O\000b\000j\000e\000c\000t\000i\000v\000e\000s}{chapter.1}% 6
\BOOKMARK [1][-]{section.1.4}{\376\377\000S\000c\000o\000p\000e\000\040\000o\000f\000\040\000t\000h\000e\000\040\000P\000r\000o\000j\000e\000c\000t}{chapter.1}% 7
\BOOKMARK [1][-]{section.1.5}{\376\377\000S\000i\000g\000n\000i\000f\000i\000c\000a\000n\000c\000e\000\040\000o\000f\000\040\000t\000h\000e\000\040\000S\000t\000u\000d\000y}{chapter.1}% 8
\BOOKMARK [1][-]{section.1.6}{\376\377\000R\000e\000p\000o\000r\000t\000\040\000S\000t\000r\000u\000c\000t\000u\000r\000e}{chapter.1}% 9
\BOOKMARK [0][-]{chapter.2}{\376\377\000L\000i\000t\000e\000r\000a\000t\000u\000r\000e\000\040\000R\000e\000v\000i\000e\000w}{}% 10
\BOOKMARK [1][-]{section.2.1}{\376\377\000O\000v\000e\000r\000v\000i\000e\000w\000\040\000o\000f\000\040\000P\000a\000r\000k\000i\000n\000g\000\040\000M\000a\000n\000a\000g\000e\000m\000e\000n\000t\000\040\000S\000y\000s\000t\000e\000m\000s}{chapter.2}% 11
\BOOKMARK [2][-]{subsection.2.1.1}{\376\377\000M\000a\000n\000u\000a\000l\000\040\000P\000a\000r\000k\000i\000n\000g\000\040\000S\000y\000s\000t\000e\000m\000s}{section.2.1}% 12
\BOOKMARK [2][-]{subsection.2.1.2}{\376\377\000S\000e\000n\000s\000o\000r\000-\000B\000a\000s\000e\000d\000\040\000P\000a\000r\000k\000i\000n\000g\000\040\000S\000y\000s\000t\000e\000m\000s}{section.2.1}% 13
\BOOKMARK [2][-]{subsection.2.1.3}{\376\377\000V\000i\000s\000i\000o\000n\000-\000B\000a\000s\000e\000d\000\040\000P\000a\000r\000k\000i\000n\000g\000\040\000S\000y\000s\000t\000e\000m\000s}{section.2.1}% 14
\BOOKMARK [1][-]{section.2.2}{\376\377\000O\000b\000j\000e\000c\000t\000\040\000D\000e\000t\000e\000c\000t\000i\000o\000n\000\040\000M\000o\000d\000e\000l\000s}{chapter.2}% 15
\BOOKMARK [2][-]{subsection.2.2.1}{\376\377\000Y\000O\000L\000O\000\040\000\050\000Y\000o\000u\000\040\000O\000n\000l\000y\000\040\000L\000o\000o\000k\000\040\000O\000n\000c\000e\000\051}{section.2.2}% 16
\BOOKMARK [2][-]{subsection.2.2.2}{\376\377\000S\000S\000D\000\040\000\050\000S\000i\000n\000g\000l\000e\000\040\000S\000h\000o\000t\000\040\000D\000e\000t\000e\000c\000t\000o\000r\000\051}{section.2.2}% 17
\BOOKMARK [2][-]{subsection.2.2.3}{\376\377\000F\000a\000s\000t\000e\000r\000\040\000R\000-\000C\000N\000N}{section.2.2}% 18
\BOOKMARK [1][-]{section.2.3}{\376\377\000A\000u\000t\000o\000m\000a\000t\000i\000c\000\040\000N\000u\000m\000b\000e\000r\000\040\000P\000l\000a\000t\000e\000\040\000R\000e\000c\000o\000g\000n\000i\000t\000i\000o\000n\000\040\000\050\000A\000N\000P\000R\000\051}{chapter.2}% 19
\BOOKMARK [1][-]{section.2.4}{\376\377\000O\000b\000j\000e\000c\000t\000\040\000T\000r\000a\000c\000k\000i\000n\000g}{chapter.2}% 20
\BOOKMARK [2][-]{subsection.2.4.1}{\376\377\000C\000e\000n\000t\000r\000o\000i\000d\000\040\000T\000r\000a\000c\000k\000i\000n\000g}{section.2.4}% 21
\BOOKMARK [2][-]{subsection.2.4.2}{\376\377\000S\000O\000R\000T\000\040\000\050\000S\000i\000m\000p\000l\000e\000\040\000O\000n\000l\000i\000n\000e\000\040\000a\000n\000d\000\040\000R\000e\000a\000l\000t\000i\000m\000e\000\040\000T\000r\000a\000c\000k\000i\000n\000g\000\051}{section.2.4}% 22
\BOOKMARK [2][-]{subsection.2.4.3}{\376\377\000D\000e\000e\000p\000S\000O\000R\000T}{section.2.4}% 23
\BOOKMARK [1][-]{section.2.5}{\376\377\000M\000i\000c\000r\000o\000s\000e\000r\000v\000i\000c\000e\000s\000\040\000A\000r\000c\000h\000i\000t\000e\000c\000t\000u\000r\000e}{chapter.2}% 24
\BOOKMARK [2][-]{subsection.2.5.1}{\376\377\000M\000o\000n\000o\000l\000i\000t\000h\000i\000c\000\040\000v\000s\000.\000\040\000M\000i\000c\000r\000o\000s\000e\000r\000v\000i\000c\000e\000s}{section.2.5}% 25
\BOOKMARK [2][-]{subsection.2.5.2}{\376\377\000E\000v\000e\000n\000t\000-\000D\000r\000i\000v\000e\000n\000\040\000A\000r\000c\000h\000i\000t\000e\000c\000t\000u\000r\000e}{section.2.5}% 26
\BOOKMARK [2][-]{subsection.2.5.3}{\376\377\000M\000e\000s\000s\000a\000g\000e\000\040\000B\000r\000o\000k\000e\000r\000s}{section.2.5}% 27
\BOOKMARK [1][-]{section.2.6}{\376\377\000C\000o\000n\000t\000a\000i\000n\000e\000r\000i\000z\000a\000t\000i\000o\000n\000\040\000a\000n\000d\000\040\000D\000o\000c\000k\000e\000r}{chapter.2}% 28
\BOOKMARK [1][-]{section.2.7}{\376\377\000R\000e\000s\000e\000a\000r\000c\000h\000\040\000G\000a\000p}{chapter.2}% 29
\BOOKMARK [0][-]{chapter.3}{\376\377\000S\000y\000s\000t\000e\000m\000\040\000A\000r\000c\000h\000i\000t\000e\000c\000t\000u\000r\000e}{}% 30
\BOOKMARK [1][-]{section.3.1}{\376\377\000A\000r\000c\000h\000i\000t\000e\000c\000t\000u\000r\000a\000l\000\040\000O\000v\000e\000r\000v\000i\000e\000w}{chapter.3}% 31
\BOOKMARK [1][-]{section.3.2}{\376\377\000O\000v\000e\000r\000a\000l\000l\000\040\000S\000y\000s\000t\000e\000m\000\040\000A\000r\000c\000h\000i\000t\000e\000c\000t\000u\000r\000e\000\040\000D\000i\000a\000g\000r\000a\000m}{chapter.3}% 32
\BOOKMARK [1][-]{section.3.3}{\376\377\000A\000r\000c\000h\000i\000t\000e\000c\000t\000u\000r\000e\000\040\000P\000r\000i\000n\000c\000i\000p\000l\000e\000s}{chapter.3}% 33
\BOOKMARK [1][-]{section.3.4}{\376\377\000T\000e\000c\000h\000n\000o\000l\000o\000g\000y\000\040\000S\000t\000a\000c\000k\000\040\000S\000u\000m\000m\000a\000r\000y}{chapter.3}% 34
\BOOKMARK [1][-]{section.3.5}{\376\377\000R\000e\000p\000o\000s\000i\000t\000o\000r\000y\000\040\000S\000t\000r\000u\000c\000t\000u\000r\000e}{chapter.3}% 35
\BOOKMARK [1][-]{section.3.6}{\376\377\000C\000o\000n\000t\000a\000i\000n\000e\000r\000\040\000N\000e\000t\000w\000o\000r\000k\000i\000n\000g}{chapter.3}% 36
\BOOKMARK [0][-]{chapter.4}{\376\377\000M\000i\000c\000r\000o\000s\000e\000r\000v\000i\000c\000e\000s\000\040\000D\000e\000s\000i\000g\000n}{}% 37
\BOOKMARK [1][-]{section.4.1}{\376\377\000D\000e\000t\000e\000c\000t\000i\000o\000n\000\040\000a\000n\000d\000\040\000T\000r\000a\000c\000k\000i\000n\000g\000\040\000S\000e\000r\000v\000i\000c\000e}{chapter.4}% 38
\BOOKMARK [2][-]{subsection.4.1.1}{\376\377\000O\000v\000e\000r\000v\000i\000e\000w}{section.4.1}% 39
\BOOKMARK [2][-]{subsection.4.1.2}{\376\377\000T\000e\000c\000h\000n\000o\000l\000o\000g\000y\000\040\000S\000t\000a\000c\000k}{section.4.1}% 40
\BOOKMARK [2][-]{subsection.4.1.3}{\376\377\000R\000e\000s\000p\000o\000n\000s\000i\000b\000i\000l\000i\000t\000i\000e\000s}{section.4.1}% 41
\BOOKMARK [2][-]{subsection.4.1.4}{\376\377\000I\000n\000t\000e\000r\000n\000a\000l\000\040\000A\000r\000c\000h\000i\000t\000e\000c\000t\000u\000r\000e}{section.4.1}% 42
\BOOKMARK [2][-]{subsection.4.1.5}{\376\377\000P\000u\000b\000l\000i\000s\000h\000e\000d\000\040\000E\000v\000e\000n\000t\000s}{section.4.1}% 43
\BOOKMARK [2][-]{subsection.4.1.6}{\376\377\000C\000o\000n\000f\000i\000g\000u\000r\000a\000t\000i\000o\000n\000\040\000P\000a\000r\000a\000m\000e\000t\000e\000r\000s}{section.4.1}% 44
\BOOKMARK [1][-]{section.4.2}{\376\377\000S\000l\000o\000t\000\040\000D\000e\000t\000e\000c\000t\000i\000o\000n\000\040\000S\000e\000r\000v\000i\000c\000e}{chapter.4}% 45
\BOOKMARK [2][-]{subsection.4.2.1}{\376\377\000O\000v\000e\000r\000v\000i\000e\000w}{section.4.2}% 46
\BOOKMARK [2][-]{subsection.4.2.2}{\376\377\000T\000e\000c\000h\000n\000o\000l\000o\000g\000y\000\040\000S\000t\000a\000c\000k}{section.4.2}% 47
\BOOKMARK [2][-]{subsection.4.2.3}{\376\377\000R\000e\000s\000p\000o\000n\000s\000i\000b\000i\000l\000i\000t\000i\000e\000s}{section.4.2}% 48
\BOOKMARK [2][-]{subsection.4.2.4}{\376\377\000P\000u\000b\000l\000i\000s\000h\000e\000d\000\040\000E\000v\000e\000n\000t\000s}{section.4.2}% 49
\BOOKMARK [2][-]{subsection.4.2.5}{\376\377\000S\000l\000o\000t\000\040\000C\000o\000n\000f\000i\000g\000u\000r\000a\000t\000i\000o\000n}{section.4.2}% 50
\BOOKMARK [1][-]{section.4.3}{\376\377\000D\000y\000n\000a\000m\000i\000c\000\040\000S\000l\000o\000t\000\040\000D\000e\000t\000e\000c\000t\000i\000o\000n\000\040\000S\000e\000r\000v\000i\000c\000e}{chapter.4}% 51
\BOOKMARK [2][-]{subsection.4.3.1}{\376\377\000O\000v\000e\000r\000v\000i\000e\000w}{section.4.3}% 52
\BOOKMARK [2][-]{subsection.4.3.2}{\376\377\000T\000e\000c\000h\000n\000o\000l\000o\000g\000y\000\040\000S\000t\000a\000c\000k}{section.4.3}% 53
\BOOKMARK [2][-]{subsection.4.3.3}{\376\377\000R\000e\000s\000p\000o\000n\000s\000i\000b\000i\000l\000i\000t\000i\000e\000s}{section.4.3}% 54
\BOOKMARK [2][-]{subsection.4.3.4}{\376\377\000V\000e\000h\000i\000c\000l\000e\000\040\000T\000y\000p\000e\000\040\000C\000l\000a\000s\000s\000i\000f\000i\000c\000a\000t\000i\000o\000n\000\040\000T\000h\000r\000e\000s\000h\000o\000l\000d\000s}{section.4.3}% 55
\BOOKMARK [2][-]{subsection.4.3.5}{\376\377\000P\000u\000b\000l\000i\000s\000h\000e\000d\000\040\000E\000v\000e\000n\000t\000s}{section.4.3}% 56
\BOOKMARK [1][-]{section.4.4}{\376\377\000A\000N\000P\000R\000\040\000S\000e\000r\000v\000i\000c\000e}{chapter.4}% 57
\BOOKMARK [2][-]{subsection.4.4.1}{\376\377\000O\000v\000e\000r\000v\000i\000e\000w}{section.4.4}% 58
\BOOKMARK [2][-]{subsection.4.4.2}{\376\377\000T\000e\000c\000h\000n\000o\000l\000o\000g\000y\000\040\000S\000t\000a\000c\000k}{section.4.4}% 59
\BOOKMARK [2][-]{subsection.4.4.3}{\376\377\000A\000N\000P\000R\000\040\000P\000i\000p\000e\000l\000i\000n\000e}{section.4.4}% 60
\BOOKMARK [2][-]{subsection.4.4.4}{\376\377\000I\000m\000a\000g\000e\000\040\000P\000r\000e\000p\000r\000o\000c\000e\000s\000s\000i\000n\000g\000\040\000S\000t\000e\000p\000s}{section.4.4}% 61
\BOOKMARK [2][-]{subsection.4.4.5}{\376\377\000P\000u\000b\000l\000i\000s\000h\000e\000d\000\040\000E\000v\000e\000n\000t\000s}{section.4.4}% 62
\BOOKMARK [1][-]{section.4.5}{\376\377\000V\000e\000h\000i\000c\000l\000e\000\040\000V\000e\000r\000i\000f\000i\000c\000a\000t\000i\000o\000n\000\040\000S\000e\000r\000v\000i\000c\000e}{chapter.4}% 63
\BOOKMARK [2][-]{subsection.4.5.1}{\376\377\000O\000v\000e\000r\000v\000i\000e\000w}{section.4.5}% 64
\BOOKMARK [2][-]{subsection.4.5.2}{\376\377\000T\000e\000c\000h\000n\000o\000l\000o\000g\000y\000\040\000S\000t\000a\000c\000k}{section.4.5}% 65
\BOOKMARK [2][-]{subsection.4.5.3}{\376\377\000R\000e\000s\000p\000o\000n\000s\000i\000b\000i\000l\000i\000t\000i\000e\000s}{section.4.5}% 66
\BOOKMARK [2][-]{subsection.4.5.4}{\376\377\000R\000E\000S\000T\000\040\000A\000P\000I\000\040\000E\000n\000d\000p\000o\000i\000n\000t\000s}{section.4.5}% 67
\BOOKMARK [2][-]{subsection.4.5.5}{\376\377\000P\000u\000b\000l\000i\000s\000h\000e\000d\000\040\000E\000v\000e\000n\000t\000s}{section.4.5}% 68
\BOOKMARK [1][-]{section.4.6}{\376\377\000C\000r\000a\000s\000h\000\040\000D\000e\000t\000e\000c\000t\000i\000o\000n\000\040\000S\000e\000r\000v\000i\000c\000e}{chapter.4}% 69
\BOOKMARK [2][-]{subsection.4.6.1}{\376\377\000O\000v\000e\000r\000v\000i\000e\000w}{section.4.6}% 70
\BOOKMARK [2][-]{subsection.4.6.2}{\376\377\000T\000e\000c\000h\000n\000o\000l\000o\000g\000y\000\040\000S\000t\000a\000c\000k}{section.4.6}% 71
\BOOKMARK [2][-]{subsection.4.6.3}{\376\377\000D\000e\000t\000e\000c\000t\000i\000o\000n\000\040\000M\000e\000t\000h\000o\000d\000s}{section.4.6}% 72
\BOOKMARK [2][-]{subsection.4.6.4}{\376\377\000P\000u\000b\000l\000i\000s\000h\000e\000d\000\040\000E\000v\000e\000n\000t\000s}{section.4.6}% 73
\BOOKMARK [1][-]{section.4.7}{\376\377\000P\000a\000r\000k\000i\000n\000g\000\040\000A\000g\000g\000r\000e\000g\000a\000t\000o\000r\000\040\000S\000e\000r\000v\000i\000c\000e}{chapter.4}% 74
\BOOKMARK [2][-]{subsection.4.7.1}{\376\377\000O\000v\000e\000r\000v\000i\000e\000w}{section.4.7}% 75
\BOOKMARK [2][-]{subsection.4.7.2}{\376\377\000T\000e\000c\000h\000n\000o\000l\000o\000g\000y\000\040\000S\000t\000a\000c\000k}{section.4.7}% 76
\BOOKMARK [2][-]{subsection.4.7.3}{\376\377\000R\000e\000s\000p\000o\000n\000s\000i\000b\000i\000l\000i\000t\000i\000e\000s}{section.4.7}% 77
\BOOKMARK [2][-]{subsection.4.7.4}{\376\377\000S\000t\000a\000t\000e\000\040\000M\000o\000d\000e\000l}{section.4.7}% 78
\BOOKMARK [1][-]{section.4.8}{\376\377\000V\000e\000h\000i\000c\000l\000e\000\040\000H\000i\000s\000t\000o\000r\000y\000\040\000S\000e\000r\000v\000i\000c\000e}{chapter.4}% 79
\BOOKMARK [2][-]{subsection.4.8.1}{\376\377\000O\000v\000e\000r\000v\000i\000e\000w}{section.4.8}% 80
\BOOKMARK [2][-]{subsection.4.8.2}{\376\377\000T\000e\000c\000h\000n\000o\000l\000o\000g\000y\000\040\000S\000t\000a\000c\000k}{section.4.8}% 81
\BOOKMARK [2][-]{subsection.4.8.3}{\376\377\000R\000e\000s\000p\000o\000n\000s\000i\000b\000i\000l\000i\000t\000i\000e\000s}{section.4.8}% 82
\BOOKMARK [1][-]{section.4.9}{\376\377\000A\000P\000I\000\040\000G\000a\000t\000e\000w\000a\000y}{chapter.4}% 83
\BOOKMARK [2][-]{subsection.4.9.1}{\376\377\000O\000v\000e\000r\000v\000i\000e\000w}{section.4.9}% 84
\BOOKMARK [2][-]{subsection.4.9.2}{\376\377\000T\000e\000c\000h\000n\000o\000l\000o\000g\000y\000\040\000S\000t\000a\000c\000k}{section.4.9}% 85
\BOOKMARK [2][-]{subsection.4.9.3}{\376\377\000A\000P\000I\000\040\000E\000n\000d\000p\000o\000i\000n\000t\000\040\000S\000u\000m\000m\000a\000r\000y}{section.4.9}% 86
\BOOKMARK [1][-]{section.4.10}{\376\377\000W\000e\000b\000\040\000D\000a\000s\000h\000b\000o\000a\000r\000d\000\040\000\050\000F\000r\000o\000n\000t\000e\000n\000d\000\051}{chapter.4}% 87
\BOOKMARK [2][-]{subsection.4.10.1}{\376\377\000T\000e\000c\000h\000n\000o\000l\000o\000g\000y\000\040\000S\000t\000a\000c\000k}{section.4.10}% 88
\BOOKMARK [2][-]{subsection.4.10.2}{\376\377\000D\000a\000s\000h\000b\000o\000a\000r\000d\000\040\000M\000o\000d\000u\000l\000e\000s}{section.4.10}% 89
\BOOKMARK [0][-]{chapter.5}{\376\377\000M\000a\000t\000h\000e\000m\000a\000t\000i\000c\000a\000l\000\040\000M\000o\000d\000e\000l\000i\000n\000g}{}% 90
\BOOKMARK [1][-]{section.5.1}{\376\377\000B\000o\000u\000n\000d\000i\000n\000g\000\040\000B\000o\000x\000\040\000R\000e\000p\000r\000e\000s\000e\000n\000t\000a\000t\000i\000o\000n}{chapter.5}% 91
\BOOKMARK [1][-]{section.5.2}{\376\377\000I\000n\000t\000e\000r\000s\000e\000c\000t\000i\000o\000n\000\040\000o\000v\000e\000r\000\040\000U\000n\000i\000o\000n\000\040\000\050\000I\000o\000U\000\051}{chapter.5}% 92
\BOOKMARK [2][-]{subsection.5.2.1}{\376\377\000S\000l\000o\000t\000\040\000O\000c\000c\000u\000p\000a\000n\000c\000y\000\040\000D\000e\000c\000i\000s\000i\000o\000n}{section.5.2}% 93
\BOOKMARK [1][-]{section.5.3}{\376\377\000K\000a\000l\000m\000a\000n\000\040\000F\000i\000l\000t\000e\000r\000\040\000f\000o\000r\000\040\000V\000e\000h\000i\000c\000l\000e\000\040\000T\000r\000a\000c\000k\000i\000n\000g}{chapter.5}% 94
\BOOKMARK [2][-]{subsection.5.3.1}{\376\377\000S\000t\000a\000t\000e\000\040\000V\000e\000c\000t\000o\000r}{section.5.3}% 95
\BOOKMARK [2][-]{subsection.5.3.2}{\376\377\000S\000t\000a\000t\000e\000\040\000T\000r\000a\000n\000s\000i\000t\000i\000o\000n\000\040\000M\000o\000d\000e\000l}{section.5.3}% 96
\BOOKMARK [2][-]{subsection.5.3.3}{\376\377\000M\000e\000a\000s\000u\000r\000e\000m\000e\000n\000t\000\040\000M\000o\000d\000e\000l}{section.5.3}% 97
\BOOKMARK [2][-]{subsection.5.3.4}{\376\377\000P\000r\000e\000d\000i\000c\000t\000i\000o\000n\000\040\000S\000t\000e\000p}{section.5.3}% 98
\BOOKMARK [2][-]{subsection.5.3.5}{\376\377\000U\000p\000d\000a\000t\000e\000\040\000S\000t\000e\000p}{section.5.3}% 99
\BOOKMARK [2][-]{subsection.5.3.6}{\376\377\000I\000n\000n\000o\000v\000a\000t\000i\000o\000n\000\040\000\050\000M\000e\000a\000s\000u\000r\000e\000m\000e\000n\000t\000\040\000R\000e\000s\000i\000d\000u\000a\000l\000\051}{section.5.3}% 100
\BOOKMARK [1][-]{section.5.4}{\376\377\000H\000u\000n\000g\000a\000r\000i\000a\000n\000\040\000A\000l\000g\000o\000r\000i\000t\000h\000m\000\040\000f\000o\000r\000\040\000D\000a\000t\000a\000\040\000A\000s\000s\000o\000c\000i\000a\000t\000i\000o\000n}{chapter.5}% 101
\BOOKMARK [2][-]{subsection.5.4.1}{\376\377\000C\000o\000s\000t\000\040\000M\000a\000t\000r\000i\000x}{section.5.4}% 102
\BOOKMARK [2][-]{subsection.5.4.2}{\376\377\000O\000p\000t\000i\000m\000i\000z\000a\000t\000i\000o\000n\000\040\000O\000b\000j\000e\000c\000t\000i\000v\000e}{section.5.4}% 103
\BOOKMARK [2][-]{subsection.5.4.3}{\376\377\000G\000a\000t\000i\000n\000g}{section.5.4}% 104
\BOOKMARK [1][-]{section.5.5}{\376\377\000D\000y\000n\000a\000m\000i\000c\000\040\000S\000l\000o\000t\000\040\000S\000p\000a\000c\000e\000\040\000E\000s\000t\000i\000m\000a\000t\000i\000o\000n}{chapter.5}% 105
\BOOKMARK [2][-]{subsection.5.5.1}{\376\377\000F\000r\000e\000e\000\040\000S\000p\000a\000c\000e\000\040\000C\000a\000l\000c\000u\000l\000a\000t\000i\000o\000n}{section.5.5}% 106
\BOOKMARK [2][-]{subsection.5.5.2}{\376\377\000G\000a\000p\000\040\000D\000e\000t\000e\000c\000t\000i\000o\000n\000\040\000B\000e\000t\000w\000e\000e\000n\000\040\000V\000e\000h\000i\000c\000l\000e\000s}{section.5.5}% 107
\BOOKMARK [2][-]{subsection.5.5.3}{\376\377\000V\000e\000h\000i\000c\000l\000e\000\040\000T\000y\000p\000e\000\040\000C\000l\000a\000s\000s\000i\000f\000i\000c\000a\000t\000i\000o\000n}{section.5.5}% 108
\BOOKMARK [1][-]{section.5.6}{\376\377\000P\000e\000r\000f\000o\000r\000m\000a\000n\000c\000e\000\040\000M\000e\000t\000r\000i\000c\000s}{chapter.5}% 109
\BOOKMARK [2][-]{subsection.5.6.1}{\376\377\000P\000r\000e\000c\000i\000s\000i\000o\000n}{section.5.6}% 110
\BOOKMARK [2][-]{subsection.5.6.2}{\376\377\000R\000e\000c\000a\000l\000l}{section.5.6}% 111
\BOOKMARK [2][-]{subsection.5.6.3}{\376\377\000F\0001\000\040\000S\000c\000o\000r\000e}{section.5.6}% 112
\BOOKMARK [2][-]{subsection.5.6.4}{\376\377\000M\000e\000a\000n\000\040\000A\000v\000e\000r\000a\000g\000e\000\040\000P\000r\000e\000c\000i\000s\000i\000o\000n\000\040\000\050\000m\000A\000P\000\051}{section.5.6}% 113
\BOOKMARK [2][-]{subsection.5.6.5}{\376\377\000F\000r\000a\000m\000e\000s\000\040\000P\000e\000r\000\040\000S\000e\000c\000o\000n\000d\000\040\000\050\000F\000P\000S\000\051}{section.5.6}% 114
\BOOKMARK [2][-]{subsection.5.6.6}{\376\377\000M\000O\000T\000A\000\040\000\050\000M\000u\000l\000t\000i\000p\000l\000e\000\040\000O\000b\000j\000e\000c\000t\000\040\000T\000r\000a\000c\000k\000i\000n\000g\000\040\000A\000c\000c\000u\000r\000a\000c\000y\000\051}{section.5.6}% 115
\BOOKMARK [0][-]{chapter.6}{\376\377\000S\000y\000s\000t\000e\000m\000\040\000M\000o\000d\000e\000l\000i\000n\000g\000\040\000a\000n\000d\000\040\000D\000i\000a\000g\000r\000a\000m\000s}{}% 116
\BOOKMARK [1][-]{section.6.1}{\376\377\000D\000a\000t\000a\000\040\000F\000l\000o\000w\000\040\000D\000i\000a\000g\000r\000a\000m\000\040\000\050\000D\000F\000D\000\051}{chapter.6}% 117
\BOOKMARK [2][-]{subsection.6.1.1}{\376\377\000L\000e\000v\000e\000l\000\040\0000\000\040\040\024\000\040\000C\000o\000n\000t\000e\000x\000t\000\040\000D\000i\000a\000g\000r\000a\000m}{section.6.1}% 118
\BOOKMARK [2][-]{subsection.6.1.2}{\376\377\000L\000e\000v\000e\000l\000\040\0001\000\040\040\024\000\040\000S\000y\000s\000t\000e\000m\000\040\000D\000e\000c\000o\000m\000p\000o\000s\000i\000t\000i\000o\000n}{section.6.1}% 119
\BOOKMARK [2][-]{subsection.6.1.3}{\376\377\000L\000e\000v\000e\000l\000\040\0002\000\040\040\024\000\040\000V\000e\000h\000i\000c\000l\000e\000\040\000D\000e\000t\000e\000c\000t\000i\000o\000n\000\040\000P\000r\000o\000c\000e\000s\000s}{section.6.1}% 120
\BOOKMARK [1][-]{section.6.2}{\376\377\000E\000n\000t\000i\000t\000y\000\040\000R\000e\000l\000a\000t\000i\000o\000n\000s\000h\000i\000p\000\040\000D\000i\000a\000g\000r\000a\000m\000\040\000\050\000E\000R\000D\000\051}{chapter.6}% 121
\BOOKMARK [1][-]{section.6.3}{\376\377\000S\000e\000q\000u\000e\000n\000c\000e\000\040\000D\000i\000a\000g\000r\000a\000m}{chapter.6}% 122
\BOOKMARK [2][-]{subsection.6.3.1}{\376\377\000V\000e\000h\000i\000c\000l\000e\000\040\000E\000n\000t\000r\000y\000\040\000W\000o\000r\000k\000f\000l\000o\000w}{section.6.3}% 123
\BOOKMARK [1][-]{section.6.4}{\376\377\000C\000o\000m\000p\000o\000n\000e\000n\000t\000\040\000D\000i\000a\000g\000r\000a\000m}{chapter.6}% 124
\BOOKMARK [1][-]{section.6.5}{\376\377\000D\000e\000p\000l\000o\000y\000m\000e\000n\000t\000\040\000D\000i\000a\000g\000r\000a\000m}{chapter.6}% 125
\BOOKMARK [0][-]{chapter.7}{\376\377\000E\000v\000e\000n\000t\000-\000D\000r\000i\000v\000e\000n\000\040\000C\000o\000m\000m\000u\000n\000i\000c\000a\000t\000i\000o\000n}{}% 126
\BOOKMARK [1][-]{section.7.1}{\376\377\000M\000e\000s\000s\000a\000g\000e\000\040\000B\000r\000o\000k\000e\000r\000\040\000A\000r\000c\000h\000i\000t\000e\000c\000t\000u\000r\000e}{chapter.7}% 127
\BOOKMARK [1][-]{section.7.2}{\376\377\000E\000x\000c\000h\000a\000n\000g\000e\000\040\000a\000n\000d\000\040\000Q\000u\000e\000u\000e\000\040\000D\000e\000s\000i\000g\000n}{chapter.7}% 128
\BOOKMARK [1][-]{section.7.3}{\376\377\000E\000v\000e\000n\000t\000\040\000S\000c\000h\000e\000m\000a\000s}{chapter.7}% 129
\BOOKMARK [1][-]{section.7.4}{\376\377\000E\000v\000e\000n\000t\000\040\000O\000w\000n\000e\000r\000s\000h\000i\000p\000\040\000M\000a\000t\000r\000i\000x}{chapter.7}% 130
\BOOKMARK [1][-]{section.7.5}{\376\377\000E\000r\000r\000o\000r\000\040\000H\000a\000n\000d\000l\000i\000n\000g\000\040\000a\000n\000d\000\040\000R\000e\000l\000i\000a\000b\000i\000l\000i\000t\000y}{chapter.7}% 131
\BOOKMARK [2][-]{subsection.7.5.1}{\376\377\000D\000e\000a\000d\000\040\000L\000e\000t\000t\000e\000r\000\040\000Q\000u\000e\000u\000e\000\040\000\050\000D\000L\000Q\000\051}{section.7.5}% 132
\BOOKMARK [2][-]{subsection.7.5.2}{\376\377\000R\000e\000t\000r\000y\000\040\000M\000e\000c\000h\000a\000n\000i\000s\000m}{section.7.5}% 133
\BOOKMARK [2][-]{subsection.7.5.3}{\376\377\000M\000e\000s\000s\000a\000g\000e\000\040\000A\000c\000k\000n\000o\000w\000l\000e\000d\000g\000m\000e\000n\000t}{section.7.5}% 134
\BOOKMARK [2][-]{subsection.7.5.4}{\376\377\000I\000d\000e\000m\000p\000o\000t\000e\000n\000c\000y}{section.7.5}% 135
\BOOKMARK [0][-]{chapter.8}{\376\377\000D\000a\000t\000a\000b\000a\000s\000e\000\040\000D\000e\000s\000i\000g\000n}{}% 136
\BOOKMARK [1][-]{section.8.1}{\376\377\000D\000a\000t\000a\000b\000a\000s\000e\000\040\000T\000e\000c\000h\000n\000o\000l\000o\000g\000y\000\040\000S\000e\000l\000e\000c\000t\000i\000o\000n}{chapter.8}% 137
\BOOKMARK [1][-]{section.8.2}{\376\377\000D\000a\000t\000a\000b\000a\000s\000e\000\040\000S\000c\000h\000e\000m\000a}{chapter.8}% 138
\BOOKMARK [2][-]{subsection.8.2.1}{\376\377\000V\000e\000h\000i\000c\000l\000e\000s\000\040\000T\000a\000b\000l\000e}{section.8.2}% 139
\BOOKMARK [2][-]{subsection.8.2.2}{\376\377\000P\000a\000r\000k\000i\000n\000g\000\040\000S\000l\000o\000t\000s\000\040\000T\000a\000b\000l\000e}{section.8.2}% 140
\BOOKMARK [2][-]{subsection.8.2.3}{\376\377\000P\000a\000r\000k\000i\000n\000g\000\040\000S\000e\000s\000s\000i\000o\000n\000s\000\040\000T\000a\000b\000l\000e}{section.8.2}% 141
\BOOKMARK [2][-]{subsection.8.2.4}{\376\377\000E\000v\000e\000n\000t\000s\000\040\000T\000a\000b\000l\000e}{section.8.2}% 142
\BOOKMARK [2][-]{subsection.8.2.5}{\376\377\000A\000d\000m\000i\000n\000\040\000U\000s\000e\000r\000s\000\040\000T\000a\000b\000l\000e}{section.8.2}% 143
\BOOKMARK [1][-]{section.8.3}{\376\377\000R\000e\000d\000i\000s\000\040\000C\000a\000c\000h\000e\000\040\000S\000c\000h\000e\000m\000a}{chapter.8}% 144
\BOOKMARK [1][-]{section.8.4}{\376\377\000D\000a\000t\000a\000b\000a\000s\000e\000\040\000I\000n\000d\000e\000x\000i\000n\000g\000\040\000S\000t\000r\000a\000t\000e\000g\000y}{chapter.8}% 145
\BOOKMARK [1][-]{section.8.5}{\376\377\000S\000Q\000L\000\040\000S\000c\000h\000e\000m\000a\000\040\000C\000r\000e\000a\000t\000i\000o\000n}{chapter.8}% 146
\BOOKMARK [0][-]{chapter.9}{\376\377\000D\000a\000s\000h\000b\000o\000a\000r\000d\000\040\000D\000e\000s\000i\000g\000n}{}% 147
\BOOKMARK [1][-]{section.9.1}{\376\377\000A\000d\000m\000i\000n\000\040\000D\000a\000s\000h\000b\000o\000a\000r\000d}{chapter.9}% 148
\BOOKMARK [2][-]{subsection.9.1.1}{\376\377\000O\000v\000e\000r\000v\000i\000e\000w}{section.9.1}% 149
\BOOKMARK [2][-]{subsection.9.1.2}{\376\377\000D\000a\000s\000h\000b\000o\000a\000r\000d\000\040\000L\000a\000y\000o\000u\000t}{section.9.1}% 150
\BOOKMARK [2][-]{subsection.9.1.3}{\376\377\000A\000d\000m\000i\000n\000\040\000D\000a\000s\000h\000b\000o\000a\000r\000d\000\040\000F\000e\000a\000t\000u\000r\000e\000s}{section.9.1}% 151
\BOOKMARK [1][-]{section.9.2}{\376\377\000U\000s\000e\000r\000\040\000D\000a\000s\000h\000b\000o\000a\000r\000d}{chapter.9}% 152
\BOOKMARK [2][-]{subsection.9.2.1}{\376\377\000O\000v\000e\000r\000v\000i\000e\000w}{section.9.2}% 153
\BOOKMARK [2][-]{subsection.9.2.2}{\376\377\000U\000s\000e\000r\000\040\000D\000a\000s\000h\000b\000o\000a\000r\000d\000\040\000F\000e\000a\000t\000u\000r\000e\000s}{section.9.2}% 154
\BOOKMARK [1][-]{section.9.3}{\376\377\000V\000i\000d\000e\000o\000\040\000F\000e\000e\000d\000\040\000A\000n\000n\000o\000t\000a\000t\000i\000o\000n}{chapter.9}% 155
\BOOKMARK [0][-]{chapter.10}{\376\377\000I\000m\000p\000l\000e\000m\000e\000n\000t\000a\000t\000i\000o\000n}{}% 156
\BOOKMARK [1][-]{section.10.1}{\376\377\000D\000e\000v\000e\000l\000o\000p\000m\000e\000n\000t\000\040\000E\000n\000v\000i\000r\000o\000n\000m\000e\000n\000t}{chapter.10}% 157
\BOOKMARK [1][-]{section.10.2}{\376\377\000S\000e\000r\000v\000i\000c\000e\000\040\000I\000m\000p\000l\000e\000m\000e\000n\000t\000a\000t\000i\000o\000n\000\040\000D\000e\000t\000a\000i\000l\000s}{chapter.10}% 158
\BOOKMARK [2][-]{subsection.10.2.1}{\376\377\000D\000e\000t\000e\000c\000t\000i\000o\000n\000\040\000S\000e\000r\000v\000i\000c\000e\000\040\000I\000m\000p\000l\000e\000m\000e\000n\000t\000a\000t\000i\000o\000n}{section.10.2}% 159
\BOOKMARK [2][-]{subsection.10.2.2}{\376\377\000S\000l\000o\000t\000\040\000D\000e\000t\000e\000c\000t\000i\000o\000n\000\040\000I\000m\000p\000l\000e\000m\000e\000n\000t\000a\000t\000i\000o\000n}{section.10.2}% 160
\BOOKMARK [2][-]{subsection.10.2.3}{\376\377\000A\000N\000P\000R\000\040\000I\000m\000p\000l\000e\000m\000e\000n\000t\000a\000t\000i\000o\000n}{section.10.2}% 161
\BOOKMARK [2][-]{subsection.10.2.4}{\376\377\000K\000a\000l\000m\000a\000n\000\040\000T\000r\000a\000c\000k\000e\000r\000\040\000I\000m\000p\000l\000e\000m\000e\000n\000t\000a\000t\000i\000o\000n}{section.10.2}% 162
\BOOKMARK [1][-]{section.10.3}{\376\377\000D\000o\000c\000k\000e\000r\000\040\000C\000o\000n\000f\000i\000g\000u\000r\000a\000t\000i\000o\000n}{chapter.10}% 163
\BOOKMARK [1][-]{section.10.4}{\376\377\000S\000e\000r\000v\000i\000c\000e\000\040\000D\000o\000c\000k\000e\000r\000f\000i\000l\000e\000\040\000E\000x\000a\000m\000p\000l\000e}{chapter.10}% 164
\BOOKMARK [0][-]{chapter.11}{\376\377\000R\000e\000s\000u\000l\000t\000s\000\040\000a\000n\000d\000\040\000E\000v\000a\000l\000u\000a\000t\000i\000o\000n}{}% 165
\BOOKMARK [1][-]{section.11.1}{\376\377\000E\000x\000p\000e\000r\000i\000m\000e\000n\000t\000a\000l\000\040\000S\000e\000t\000u\000p}{chapter.11}% 166
\BOOKMARK [2][-]{subsection.11.1.1}{\376\377\000H\000a\000r\000d\000w\000a\000r\000e\000\040\000C\000o\000n\000f\000i\000g\000u\000r\000a\000t\000i\000o\000n}{section.11.1}% 167
\BOOKMARK [2][-]{subsection.11.1.2}{\376\377\000S\000o\000f\000t\000w\000a\000r\000e\000\040\000C\000o\000n\000f\000i\000g\000u\000r\000a\000t\000i\000o\000n}{section.11.1}% 168
\BOOKMARK [2][-]{subsection.11.1.3}{\376\377\000D\000a\000t\000a\000s\000e\000t}{section.11.1}% 169
\BOOKMARK [1][-]{section.11.2}{\376\377\000V\000e\000h\000i\000c\000l\000e\000\040\000D\000e\000t\000e\000c\000t\000i\000o\000n\000\040\000R\000e\000s\000u\000l\000t\000s}{chapter.11}% 170
\BOOKMARK [1][-]{section.11.3}{\376\377\000S\000l\000o\000t\000\040\000D\000e\000t\000e\000c\000t\000i\000o\000n\000\040\000A\000c\000c\000u\000r\000a\000c\000y}{chapter.11}% 171
\BOOKMARK [1][-]{section.11.4}{\376\377\000A\000N\000P\000R\000\040\000P\000e\000r\000f\000o\000r\000m\000a\000n\000c\000e}{chapter.11}% 172
\BOOKMARK [1][-]{section.11.5}{\376\377\000S\000y\000s\000t\000e\000m\000\040\000P\000e\000r\000f\000o\000r\000m\000a\000n\000c\000e}{chapter.11}% 173
\BOOKMARK [1][-]{section.11.6}{\376\377\000T\000r\000a\000c\000k\000i\000n\000g\000\040\000P\000e\000r\000f\000o\000r\000m\000a\000n\000c\000e}{chapter.11}% 174
\BOOKMARK [1][-]{section.11.7}{\376\377\000M\000i\000c\000r\000o\000s\000e\000r\000v\000i\000c\000e\000s\000\040\000P\000e\000r\000f\000o\000r\000m\000a\000n\000c\000e}{chapter.11}% 175
\BOOKMARK [0][-]{chapter.12}{\376\377\000D\000i\000s\000c\000u\000s\000s\000i\000o\000n}{}% 176
\BOOKMARK [1][-]{section.12.1}{\376\377\000A\000d\000v\000a\000n\000t\000a\000g\000e\000s\000\040\000o\000f\000\040\000t\000h\000e\000\040\000P\000r\000o\000p\000o\000s\000e\000d\000\040\000S\000y\000s\000t\000e\000m}{chapter.12}% 177
\BOOKMARK [2][-]{subsection.12.1.1}{\376\377\000C\000o\000s\000t\000\040\000E\000f\000f\000e\000c\000t\000i\000v\000e\000n\000e\000s\000s}{section.12.1}% 178
\BOOKMARK [2][-]{subsection.12.1.2}{\376\377\000S\000c\000a\000l\000a\000b\000i\000l\000i\000t\000y}{section.12.1}% 179
\BOOKMARK [2][-]{subsection.12.1.3}{\376\377\000F\000a\000u\000l\000t\000\040\000I\000s\000o\000l\000a\000t\000i\000o\000n}{section.12.1}% 180
\BOOKMARK [2][-]{subsection.12.1.4}{\376\377\000R\000e\000a\000l\000-\000T\000i\000m\000e\000\040\000P\000e\000r\000f\000o\000r\000m\000a\000n\000c\000e}{section.12.1}% 181
\BOOKMARK [2][-]{subsection.12.1.5}{\376\377\000E\000x\000t\000e\000n\000s\000i\000b\000i\000l\000i\000t\000y}{section.12.1}% 182
\BOOKMARK [2][-]{subsection.12.1.6}{\376\377\000E\000n\000h\000a\000n\000c\000e\000d\000\040\000S\000e\000c\000u\000r\000i\000t\000y}{section.12.1}% 183
\BOOKMARK [1][-]{section.12.2}{\376\377\000L\000i\000m\000i\000t\000a\000t\000i\000o\000n\000s}{chapter.12}% 184
\BOOKMARK [2][-]{subsection.12.2.1}{\376\377\000L\000i\000g\000h\000t\000i\000n\000g\000\040\000S\000e\000n\000s\000i\000t\000i\000v\000i\000t\000y}{section.12.2}% 185
\BOOKMARK [2][-]{subsection.12.2.2}{\376\377\000O\000c\000c\000l\000u\000s\000i\000o\000n\000\040\000I\000s\000s\000u\000e\000s}{section.12.2}% 186
\BOOKMARK [2][-]{subsection.12.2.3}{\376\377\000C\000a\000m\000e\000r\000a\000\040\000P\000o\000s\000i\000t\000i\000o\000n\000i\000n\000g\000\040\000D\000e\000p\000e\000n\000d\000e\000n\000c\000y}{section.12.2}% 187
\BOOKMARK [2][-]{subsection.12.2.4}{\376\377\000O\000C\000R\000\040\000A\000c\000c\000u\000r\000a\000c\000y}{section.12.2}% 188
\BOOKMARK [2][-]{subsection.12.2.5}{\376\377\000I\000n\000f\000r\000a\000s\000t\000r\000u\000c\000t\000u\000r\000e\000\040\000R\000e\000q\000u\000i\000r\000e\000m\000e\000n\000t\000s}{section.12.2}% 189
\BOOKMARK [2][-]{subsection.12.2.6}{\376\377\000D\000y\000n\000a\000m\000i\000c\000\040\000S\000l\000o\000t\000\040\000D\000e\000t\000e\000c\000t\000i\000o\000n\000\040\000C\000o\000n\000s\000t\000r\000a\000i\000n\000t\000s}{section.12.2}% 190
\BOOKMARK [1][-]{section.12.3}{\376\377\000C\000o\000m\000p\000a\000r\000i\000s\000o\000n\000\040\000w\000i\000t\000h\000\040\000E\000x\000i\000s\000t\000i\000n\000g\000\040\000S\000y\000s\000t\000e\000m\000s}{chapter.12}% 191
\BOOKMARK [1][-]{section.12.4}{\376\377\000L\000e\000s\000s\000o\000n\000s\000\040\000L\000e\000a\000r\000n\000e\000d}{chapter.12}% 192
\BOOKMARK [0][-]{chapter.13}{\376\377\000C\000o\000n\000c\000l\000u\000s\000i\000o\000n\000\040\000a\000n\000d\000\040\000F\000u\000t\000u\000r\000e\000\040\000W\000o\000r\000k}{}% 193
\BOOKMARK [1][-]{section.13.1}{\376\377\000C\000o\000n\000c\000l\000u\000s\000i\000o\000n}{chapter.13}% 194
\BOOKMARK [1][-]{section.13.2}{\376\377\000F\000u\000t\000u\000r\000e\000\040\000W\000o\000r\000k}{chapter.13}% 195
\BOOKMARK [2][-]{subsection.13.2.1}{\376\377\000M\000o\000b\000i\000l\000e\000\040\000A\000p\000p\000l\000i\000c\000a\000t\000i\000o\000n\000\040\000I\000n\000t\000e\000g\000r\000a\000t\000i\000o\000n}{section.13.2}% 196
\BOOKMARK [2][-]{subsection.13.2.2}{\376\377\000P\000r\000e\000d\000i\000c\000t\000i\000v\000e\000\040\000A\000n\000a\000l\000y\000t\000i\000c\000s}{section.13.2}% 197
\BOOKMARK [2][-]{subsection.13.2.3}{\376\377\000E\000d\000g\000e\000\040\000C\000o\000m\000p\000u\000t\000i\000n\000g\000\040\000D\000e\000p\000l\000o\000y\000m\000e\000n\000t}{section.13.2}% 198
\BOOKMARK [2][-]{subsection.13.2.4}{\376\377\000S\000m\000a\000r\000t\000\040\000R\000e\000s\000e\000r\000v\000a\000t\000i\000o\000n\000\040\000S\000y\000s\000t\000e\000m}{section.13.2}% 199
\BOOKMARK [2][-]{subsection.13.2.5}{\376\377\000C\000l\000o\000u\000d\000-\000B\000a\000s\000e\000d\000\040\000S\000c\000a\000l\000i\000n\000g}{section.13.2}% 200
\BOOKMARK [2][-]{subsection.13.2.6}{\376\377\000E\000n\000h\000a\000n\000c\000e\000d\000\040\000A\000N\000P\000R}{section.13.2}% 201
\BOOKMARK [2][-]{subsection.13.2.7}{\376\377\000I\000n\000t\000e\000g\000r\000a\000t\000i\000o\000n\000\040\000w\000i\000t\000h\000\040\000N\000a\000v\000i\000g\000a\000t\000i\000o\000n\000\040\000S\000y\000s\000t\000e\000m\000s}{section.13.2}% 202
\BOOKMARK [0][-]{appendix.A}{\376\377\000G\000l\000o\000s\000s\000a\000r\000y}{}% 203
\BOOKMARK [0][-]{appendix.B}{\376\377\000A\000P\000I\000\040\000D\000o\000c\000u\000m\000e\000n\000t\000a\000t\000i\000o\000n}{}% 204
